IyBpcCBhCjE6IGxvOiA8TE9PUEJBQ0ssVVAsTE9XRVJfVVA+IG10dSA2NTUzNiBxZGlzYyBub3F1
ZXVlIHN0YXRlIFVOS05PV04gZ3JvdXAgZGVmYXVsdCBxbGVuIDEwMDAKICAgIGxpbmsvbG9vcGJh
Y2sgMDA6MDA6MDA6MDA6MDA6MDAgYnJkIDAwOjAwOjAwOjAwOjAwOjAwCiAgICBpbmV0IDEyNy4w
LjAuMS84IHNjb3BlIGhvc3QgbG8KICAgICAgIHZhbGlkX2xmdCBmb3JldmVyIHByZWZlcnJlZF9s
ZnQgZm9yZXZlcgoyOiBob3N0MEBpZjM1OiA8QlJPQURDQVNULE1VTFRJQ0FTVCxVUCxMT1dFUl9V
UD4gbXR1IDE1MDAgcWRpc2Mgbm9xdWV1ZSBzdGF0ZSBVUCBncm91cCBkZWZhdWx0IHFsZW4gMTAw
MAogICAgbGluay9ldGhlciA1YTowYjphODpiNDpkODo0ZSBicmQgZmY6ZmY6ZmY6ZmY6ZmY6ZmYg
bGluay1uZXRuc2lkIDAKICAgIGluZXQgMTcyLjIxLjE4MC4xMzMvMjQgbWV0cmljIDEwMjQgYnJk
IDE3Mi4yMS4xODAuMjU1IHNjb3BlIGdsb2JhbCBkeW5hbWljIGhvc3QwCiAgICAgICB2YWxpZF9s
ZnQgMjI1OXNlYyBwcmVmZXJyZWRfbGZ0IDIyNTlzZWMKMzogZXRoMEBpZjM2OiA8QlJPQURDQVNU
LE1VTFRJQ0FTVD4gbXR1IDE1MDAgcWRpc2Mgbm9vcCBzdGF0ZSBET1dOIGdyb3VwIGRlZmF1bHQg
cWxlbiAxMDAwCiAgICBsaW5rL2V0aGVyIDllOmVhOjA1OmMyOmZiOjQ3IGJyZCBmZjpmZjpmZjpm
ZjpmZjpmZiBsaW5rLW5ldG5zaWQgMAo0OiBldGgxQGlmMzc6IDxCUk9BRENBU1QsTVVMVElDQVNU
PiBtdHUgMTUwMCBxZGlzYyBub29wIHN0YXRlIERPV04gZ3JvdXAgZGVmYXVsdCBxbGVuIDEwMDAK
ICAgIGxpbmsvZXRoZXIgNDI6MTE6OTY6M2M6OGE6OTggYnJkIGZmOmZmOmZmOmZmOmZmOmZmIGxp
bmstbmV0bnNpZCAwCjU6IGV0aDJAaWYzODogPEJST0FEQ0FTVCxNVUxUSUNBU1QsVVAsTE9XRVJf
VVA+IG10dSAxNTAwIHFkaXNjIG5vcXVldWUgc3RhdGUgVVAgZ3JvdXAgZGVmYXVsdCBxbGVuIDEw
MDAKICAgIGxpbmsvZXRoZXIgYTY6MmY6YTY6OGE6YTA6NmEgYnJkIGZmOmZmOmZmOmZmOmZmOmZm
IGxpbmstbmV0bnNpZCAwCjY6IGV0aDNAaWYzOTogPEJST0FEQ0FTVCxNVUxUSUNBU1Q+IG10dSAx
NTAwIHFkaXNjIG5vb3Agc3RhdGUgRE9XTiBncm91cCBkZWZhdWx0IHFsZW4gMTAwMAogICAgbGlu
ay9ldGhlciAyYTpmZjo5MzpmNDo4MDo1MCBicmQgZmY6ZmY6ZmY6ZmY6ZmY6ZmYgbGluay1uZXRu
c2lkIDAKNzogVkxBTjEyMkBldGgyOiA8QlJPQURDQVNULE1VTFRJQ0FTVCxVUCxMT1dFUl9VUD4g
bXR1IDE1MDAgcWRpc2Mgbm9xdWV1ZSBzdGF0ZSBVUCBncm91cCBkZWZhdWx0IHFsZW4gMTAwMAog
ICAgbGluay9ldGhlciBhNjoyZjphNjo4YTphMDo2YSBicmQgZmY6ZmY6ZmY6ZmY6ZmY6ZmYKICAg
IGluZXQgMTcyLjIwLjEyMi4xLzI0IGJyZCAxNzIuMjAuMTIyLjI1NSBzY29wZSBnbG9iYWwgZHlu
YW1pYyBWTEFOMTIyCiAgICAgICB2YWxpZF9sZnQgMzYwc2VjIHByZWZlcnJlZF9sZnQgMzYwc2Vj
CgojIGlwIHIKZGVmYXVsdCB2aWEgMTcyLjIwLjEyMi4zIGRldiBWTEFOMTIyIApkZWZhdWx0IHZp
YSAxNzIuMjEuMTgwLjEgZGV2IGhvc3QwIHByb3RvIGRoY3Agc3JjIDE3Mi4yMS4xODAuMTMzIG1l
dHJpYyAxMDI0IAoxNzIuMjAuMTIyLjAvMjQgZGV2IFZMQU4xMjIgcHJvdG8ga2VybmVsIHNjb3Bl
IGxpbmsgc3JjIDE3Mi4yMC4xMjIuMSAKMTcyLjIxLjAuNjAgdmlhIDE3Mi4yMS4xODAuMSBkZXYg
aG9zdDAgcHJvdG8gZGhjcCBzcmMgMTcyLjIxLjE4MC4xMzMgbWV0cmljIDEwMjQgCjE3Mi4yMS4w
LjYxIHZpYSAxNzIuMjEuMTgwLjEgZGV2IGhvc3QwIHByb3RvIGRoY3Agc3JjIDE3Mi4yMS4xODAu
MTMzIG1ldHJpYyAxMDI0IAoxNzIuMjEuMC4yMDMgdmlhIDE3Mi4yMS4xODAuMSBkZXYgaG9zdDAg
cHJvdG8gZGhjcCBzcmMgMTcyLjIxLjE4MC4xMzMgbWV0cmljIDEwMjQgCjE3Mi4yMS4wLjIwNCB2
aWEgMTcyLjIxLjE4MC4xIGRldiBob3N0MCBwcm90byBkaGNwIHNyYyAxNzIuMjEuMTgwLjEzMyBt
ZXRyaWMgMTAyNCAKMTcyLjIxLjE4MC4wLzI0IGRldiBob3N0MCBwcm90byBrZXJuZWwgc2NvcGUg
bGluayBzcmMgMTcyLjIxLjE4MC4xMzMgbWV0cmljIDEwMjQgCjE3Mi4yMS4xODAuMSBkZXYgaG9z
dDAgcHJvdG8gZGhjcCBzY29wZSBsaW5rIHNyYyAxNzIuMjEuMTgwLjEzMyBtZXRyaWMgMTAyNCAK
CiMgcGluZyAtYyAxIDE5Mi4xNjguMC4yNTQKUElORyAxOTIuMTY4LjAuMjU0ICgxOTIuMTY4LjAu
MjU0KSA1Nig4NCkgYnl0ZXMgb2YgZGF0YS4KNjQgYnl0ZXMgZnJvbSAxOTIuMTY4LjAuMjU0OiBp
Y21wX3NlcT0xIHR0bD02MyB0aW1lPTAuMTE0IG1zCgotLS0gMTkyLjE2OC4wLjI1NCBwaW5nIHN0
YXRpc3RpY3MgLS0tCjEgcGFja2V0cyB0cmFuc21pdHRlZCwgMSByZWNlaXZlZCwgMCUgcGFja2V0
IGxvc3MsIHRpbWUgMG1zCnJ0dCBtaW4vYXZnL21heC9tZGV2ID0gMC4xMTQvMC4xMTQvMC4xMTQv
MC4wMDAgbXMKCiMgL2V0Yy9yZXNvbHYuY29uZgpkb21haW4gYW50YXJlcy5vcmcKc2VhcmNoIGFu
dGFyZXMub3JnCm5hbWVzZXJ2ZXIgMTkyLjE2OC4wLjI1NAoKIyBjYXQgL2V0Yy9kZWZhdWx0L2lz
Yy1kaGNwLXNlcnZlcgoKIyBjYXQgL2V0Yy9kaGNwL2RoY3BkLmNvbmYKCiMgaG9zdCBzbXRwMjEz
Lm1haWwyMTMuY29tCnNtdHAyMTMubWFpbDIxMy5jb20gaXMgYW4gYWxpYXMgZm9yIG1hY2hpbmUy
MTMubWFpbDIxMy5jb20uCm1hY2hpbmUyMTMubWFpbDIxMy5jb20gaGFzIGFkZHJlc3MgMTkyLjE2
OC4wLjExMwoK
