IyBpcCBhCjE6IGxvOiA8TE9PUEJBQ0ssVVAsTE9XRVJfVVA+IG10dSA2NTUzNiBxZGlzYyBub3F1
ZXVlIHN0YXRlIFVOS05PV04gZ3JvdXAgZGVmYXVsdCBxbGVuIDEwMDAKICAgIGxpbmsvbG9vcGJh
Y2sgMDA6MDA6MDA6MDA6MDA6MDAgYnJkIDAwOjAwOjAwOjAwOjAwOjAwCiAgICBpbmV0IDEyNy4w
LjAuMS84IHNjb3BlIGhvc3QgbG8KICAgICAgIHZhbGlkX2xmdCBmb3JldmVyIHByZWZlcnJlZF9s
ZnQgZm9yZXZlcgoyOiBob3N0MEBpZjQwOiA8QlJPQURDQVNULE1VTFRJQ0FTVCxVUCxMT1dFUl9V
UD4gbXR1IDE1MDAgcWRpc2Mgbm9xdWV1ZSBzdGF0ZSBVUCBncm91cCBkZWZhdWx0IHFsZW4gMTAw
MAogICAgbGluay9ldGhlciA4ZToxZDo0MDoyMzo1ZjphMSBicmQgZmY6ZmY6ZmY6ZmY6ZmY6ZmYg
bGluay1uZXRuc2lkIDAKICAgIGluZXQgMTcyLjIxLjE4MC4xMjcvMjQgbWV0cmljIDEwMjQgYnJk
IDE3Mi4yMS4xODAuMjU1IHNjb3BlIGdsb2JhbCBkeW5hbWljIGhvc3QwCiAgICAgICB2YWxpZF9s
ZnQgMjE1OHNlYyBwcmVmZXJyZWRfbGZ0IDIxNThzZWMKMzogZXRoMEBpZjQxOiA8QlJPQURDQVNU
LE1VTFRJQ0FTVD4gbXR1IDE1MDAgcWRpc2Mgbm9vcCBzdGF0ZSBET1dOIGdyb3VwIGRlZmF1bHQg
cWxlbiAxMDAwCiAgICBsaW5rL2V0aGVyIDM2OjYyOjZjOjU1OmVkOjIyIGJyZCBmZjpmZjpmZjpm
ZjpmZjpmZiBsaW5rLW5ldG5zaWQgMAo0OiBldGgxQGlmNDI6IDxCUk9BRENBU1QsTVVMVElDQVNU
PiBtdHUgMTUwMCBxZGlzYyBub29wIHN0YXRlIERPV04gZ3JvdXAgZGVmYXVsdCBxbGVuIDEwMDAK
ICAgIGxpbmsvZXRoZXIgNTY6Yzk6ODQ6ZDM6Yzg6NDIgYnJkIGZmOmZmOmZmOmZmOmZmOmZmIGxp
bmstbmV0bnNpZCAwCjU6IGV0aDJAaWY0MzogPEJST0FEQ0FTVCxNVUxUSUNBU1QsVVAsTE9XRVJf
VVA+IG10dSAxNTAwIHFkaXNjIG5vcXVldWUgc3RhdGUgVVAgZ3JvdXAgZGVmYXVsdCBxbGVuIDEw
MDAKICAgIGxpbmsvZXRoZXIgYjI6ODU6M2Y6MTE6MzM6OGUgYnJkIGZmOmZmOmZmOmZmOmZmOmZm
IGxpbmstbmV0bnNpZCAwCjY6IGV0aDNAaWY0NDogPEJST0FEQ0FTVCxNVUxUSUNBU1Q+IG10dSAx
NTAwIHFkaXNjIG5vb3Agc3RhdGUgRE9XTiBncm91cCBkZWZhdWx0IHFsZW4gMTAwMAogICAgbGlu
ay9ldGhlciBlZTpmOTowMDo0MDo5Mzo5OCBicmQgZmY6ZmY6ZmY6ZmY6ZmY6ZmYgbGluay1uZXRu
c2lkIDAKNzogVkxBTjEyMkBldGgyOiA8QlJPQURDQVNULE1VTFRJQ0FTVCxVUCxMT1dFUl9VUD4g
bXR1IDE1MDAgcWRpc2Mgbm9xdWV1ZSBzdGF0ZSBVUCBncm91cCBkZWZhdWx0IHFsZW4gMTAwMAog
ICAgbGluay9ldGhlciBiMjo4NTozZjoxMTozMzo4ZSBicmQgZmY6ZmY6ZmY6ZmY6ZmY6ZmYKICAg
IGluZXQgMTcyLjIwLjEyMi4yLzI0IHNjb3BlIGdsb2JhbCBWTEFOMTIyCiAgICAgICB2YWxpZF9s
ZnQgZm9yZXZlciBwcmVmZXJyZWRfbGZ0IGZvcmV2ZXIKCiMgaXAgcgpkZWZhdWx0IHZpYSAxNzIu
MjEuMTgwLjEgZGV2IGhvc3QwIHByb3RvIGRoY3Agc3JjIDE3Mi4yMS4xODAuMTI3IG1ldHJpYyAx
MDI0IAoxNzIuMjAuMTIyLjAvMjQgZGV2IFZMQU4xMjIgcHJvdG8ga2VybmVsIHNjb3BlIGxpbmsg
c3JjIDE3Mi4yMC4xMjIuMiAKMTcyLjIxLjAuNjAgdmlhIDE3Mi4yMS4xODAuMSBkZXYgaG9zdDAg
cHJvdG8gZGhjcCBzcmMgMTcyLjIxLjE4MC4xMjcgbWV0cmljIDEwMjQgCjE3Mi4yMS4wLjYxIHZp
YSAxNzIuMjEuMTgwLjEgZGV2IGhvc3QwIHByb3RvIGRoY3Agc3JjIDE3Mi4yMS4xODAuMTI3IG1l
dHJpYyAxMDI0IAoxNzIuMjEuMC4yMDMgdmlhIDE3Mi4yMS4xODAuMSBkZXYgaG9zdDAgcHJvdG8g
ZGhjcCBzcmMgMTcyLjIxLjE4MC4xMjcgbWV0cmljIDEwMjQgCjE3Mi4yMS4wLjIwNCB2aWEgMTcy
LjIxLjE4MC4xIGRldiBob3N0MCBwcm90byBkaGNwIHNyYyAxNzIuMjEuMTgwLjEyNyBtZXRyaWMg
MTAyNCAKMTcyLjIxLjE4MC4wLzI0IGRldiBob3N0MCBwcm90byBrZXJuZWwgc2NvcGUgbGluayBz
cmMgMTcyLjIxLjE4MC4xMjcgbWV0cmljIDEwMjQgCjE3Mi4yMS4xODAuMSBkZXYgaG9zdDAgcHJv
dG8gZGhjcCBzY29wZSBsaW5rIHNyYyAxNzIuMjEuMTgwLjEyNyBtZXRyaWMgMTAyNCAKCiMgcGlu
ZyAtYyAxIDE5Mi4xNjguMC4yNTQKUElORyAxOTIuMTY4LjAuMjU0ICgxOTIuMTY4LjAuMjU0KSA1
Nig4NCkgYnl0ZXMgb2YgZGF0YS4KCi0tLSAxOTIuMTY4LjAuMjU0IHBpbmcgc3RhdGlzdGljcyAt
LS0KMSBwYWNrZXRzIHRyYW5zbWl0dGVkLCAwIHJlY2VpdmVkLCAxMDAlIHBhY2tldCBsb3NzLCB0
aW1lIDBtcwoKCiMgL2V0Yy9yZXNvbHYuY29uZgojIFRoaXMgaXMgL3J1bi9zeXN0ZW1kL3Jlc29s
dmUvcmVzb2x2LmNvbmYgbWFuYWdlZCBieSBtYW46c3lzdGVtZC1yZXNvbHZlZCg4KS4KIyBEbyBu
b3QgZWRpdC4KIwojIFRoaXMgZmlsZSBtaWdodCBiZSBzeW1saW5rZWQgYXMgL2V0Yy9yZXNvbHYu
Y29uZi4gSWYgeW91J3JlIGxvb2tpbmcgYXQKIyAvZXRjL3Jlc29sdi5jb25mIGFuZCBzZWVpbmcg
dGhpcyB0ZXh0LCB5b3UgaGF2ZSBmb2xsb3dlZCB0aGUgc3ltbGluay4KIwojIFRoaXMgaXMgYSBk
eW5hbWljIHJlc29sdi5jb25mIGZpbGUgZm9yIGNvbm5lY3RpbmcgbG9jYWwgY2xpZW50cyBkaXJl
Y3RseSB0bwojIGFsbCBrbm93biB1cGxpbmsgRE5TIHNlcnZlcnMuIFRoaXMgZmlsZSBsaXN0cyBh
bGwgY29uZmlndXJlZCBzZWFyY2ggZG9tYWlucy4KIwojIFRoaXJkIHBhcnR5IHByb2dyYW1zIHNo
b3VsZCB0eXBpY2FsbHkgbm90IGFjY2VzcyB0aGlzIGZpbGUgZGlyZWN0bHksIGJ1dCBvbmx5CiMg
dGhyb3VnaCB0aGUgc3ltbGluayBhdCAvZXRjL3Jlc29sdi5jb25mLiBUbyBtYW5hZ2UgbWFuOnJl
c29sdi5jb25mKDUpIGluIGEKIyBkaWZmZXJlbnQgd2F5LCByZXBsYWNlIHRoaXMgc3ltbGluayBi
eSBhIHN0YXRpYyBmaWxlIG9yIGEgZGlmZmVyZW50IHN5bWxpbmsuCiMKIyBTZWUgbWFuOnN5c3Rl
bWQtcmVzb2x2ZWQuc2VydmljZSg4KSBmb3IgZGV0YWlscyBhYm91dCB0aGUgc3VwcG9ydGVkIG1v
ZGVzIG9mCiMgb3BlcmF0aW9uIGZvciAvZXRjL3Jlc29sdi5jb25mLgoKbmFtZXNlcnZlciAxNzIu
MjEuMC4yMDMKbmFtZXNlcnZlciAxNzIuMjEuMC4yMDQKbmFtZXNlcnZlciAxNzIuMjEuMC4yMDIK
IyBUb28gbWFueSBETlMgc2VydmVycyBjb25maWd1cmVkLCB0aGUgZm9sbG93aW5nIGVudHJpZXMg
bWF5IGJlIGlnbm9yZWQuCm5hbWVzZXJ2ZXIgMTcyLjIxLjAuNjEKbmFtZXNlcnZlciAxNzIuMjEu
MC42MApzZWFyY2ggaXV0LW5hbnRlcy51bml2LW5hbnRlcy5wcml2ZSBhZC5pdXQtbmFudGVzLnVu
aXYtbmFudGVzLnByaXZlCgojIGNhdCAvZXRjL2RlZmF1bHQvaXNjLWRoY3Atc2VydmVyCklOVEVS
RkFDRVN2ND0gIlZMQU4xMjIiCklOVEVSRkFDRVN2Nj0iIgoKIyBjYXQgL2V0Yy9kaGNwL2RoY3Bk
LmNvbmYKb3B0aW9uIGRvbWFpbi1uYW1lICJhbnRhcmVzLm9yZyI7Cm9wdGlvbiBkb21haW4tbmFt
ZS1zZXJ2ZXJzIDE5Mi4xNjguMC4yNTQ7CmRlZmF1bHQtbGVhc2UtdGltZSA2MDA7Cm1heC1sZWFz
ZS10aW1lIDcyMDA7CmRkbnMtdXBkYXRlLXN0eWxlIG5vbmU7CnN1Ym5ldCAxNzIuMjAuMTIyLjAg
bmV0bWFzayAyNTUuMjU1LjI1NS4wIHsKICByYW5nZSAxNzIuMjAuMTIyLjEgMTcyLjIwLjEyMi4y
NTM7CiAgb3B0aW9uIHJvdXRlcnMgMTcyLjIwLjEyMi4zOwpob3N0IGZhbnRhc2lhIHsKICBoYXJk
d2FyZSBldGhlcm5ldCBhNjoyZjphNjo4YTphMDo2YSA7CiAgZml4ZWQtYWRkcmVzcyAxNzIuMjAu
MTIyLjE7Cn0KfQoKIyBob3N0IHNtdHAyMTMubWFpbDIxMy5jb20KCg==
