IyBpcCBhCjE6IGxvOiA8TE9PUEJBQ0ssVVAsTE9XRVJfVVA+IG10dSA2NTUzNiBxZGlzYyBub3F1
ZXVlIHN0YXRlIFVOS05PV04gZ3JvdXAgZGVmYXVsdCBxbGVuIDEwMDAKICAgIGxpbmsvbG9vcGJh
Y2sgMDA6MDA6MDA6MDA6MDA6MDAgYnJkIDAwOjAwOjAwOjAwOjAwOjAwCiAgICBpbmV0IDEyNy4w
LjAuMS84IHNjb3BlIGhvc3QgbG8KICAgICAgIHZhbGlkX2xmdCBmb3JldmVyIHByZWZlcnJlZF9s
ZnQgZm9yZXZlcgoyOiBob3N0MEBpZjI1OiA8QlJPQURDQVNULE1VTFRJQ0FTVCxVUCxMT1dFUl9V
UD4gbXR1IDE1MDAgcWRpc2Mgbm9xdWV1ZSBzdGF0ZSBVUCBncm91cCBkZWZhdWx0IHFsZW4gMTAw
MAogICAgbGluay9ldGhlciAxNjphZDowYzozMzowODplMyBicmQgZmY6ZmY6ZmY6ZmY6ZmY6ZmYg
bGluay1uZXRuc2lkIDAKICAgIGluZXQgMTcyLjIxLjE4MC4xMDQvMjQgbWV0cmljIDEwMjQgYnJk
IDE3Mi4yMS4xODAuMjU1IHNjb3BlIGdsb2JhbCBkeW5hbWljIGhvc3QwCiAgICAgICB2YWxpZF9s
ZnQgMzIwOHNlYyBwcmVmZXJyZWRfbGZ0IDMyMDhzZWMKMzogZXRoMEBpZjI2OiA8QlJPQURDQVNU
LE1VTFRJQ0FTVD4gbXR1IDE1MDAgcWRpc2Mgbm9vcCBzdGF0ZSBET1dOIGdyb3VwIGRlZmF1bHQg
cWxlbiAxMDAwCiAgICBsaW5rL2V0aGVyIDM2OjRiOjZiOjc0OmI1OmRkIGJyZCBmZjpmZjpmZjpm
ZjpmZjpmZiBsaW5rLW5ldG5zaWQgMAo0OiBldGgxQGlmMjc6IDxCUk9BRENBU1QsTVVMVElDQVNU
PiBtdHUgMTUwMCBxZGlzYyBub29wIHN0YXRlIERPV04gZ3JvdXAgZGVmYXVsdCBxbGVuIDEwMDAK
ICAgIGxpbmsvZXRoZXIgN2U6NGE6ODQ6OWE6OWU6MGUgYnJkIGZmOmZmOmZmOmZmOmZmOmZmIGxp
bmstbmV0bnNpZCAwCjU6IGV0aDJAaWYyODogPEJST0FEQ0FTVCxNVUxUSUNBU1Q+IG10dSAxNTAw
IHFkaXNjIG5vb3Agc3RhdGUgRE9XTiBncm91cCBkZWZhdWx0IHFsZW4gMTAwMAogICAgbGluay9l
dGhlciBiZTo1NjoxZDoxYjo5Nzo3YyBicmQgZmY6ZmY6ZmY6ZmY6ZmY6ZmYgbGluay1uZXRuc2lk
IDAKNjogZXRoM0BpZjI5OiA8QlJPQURDQVNULE1VTFRJQ0FTVCxVUCxMT1dFUl9VUD4gbXR1IDE1
MDAgcWRpc2Mgbm9xdWV1ZSBzdGF0ZSBVUCBncm91cCBkZWZhdWx0IHFsZW4gMTAwMAogICAgbGlu
ay9ldGhlciBkMjo1Nzo3Mzo1NTo3Njo1OSBicmQgZmY6ZmY6ZmY6ZmY6ZmY6ZmYgbGluay1uZXRu
c2lkIDAKICAgIGluZXQgMTkyLjE2OC4wLjIyLzI0IHNjb3BlIGdsb2JhbCBldGgzCiAgICAgICB2
YWxpZF9sZnQgZm9yZXZlciBwcmVmZXJyZWRfbGZ0IGZvcmV2ZXIKCiMgaXAgcgpkZWZhdWx0IHZp
YSAxNzIuMjEuMTgwLjEgZGV2IGhvc3QwIHByb3RvIGRoY3Agc3JjIDE3Mi4yMS4xODAuMTA0IG1l
dHJpYyAxMDI0IAoxNzIuMjAuMTIyLjEgdmlhIDE5Mi4xNjguMC4xMjIgZGV2IGV0aDMgCjE3Mi4y
MC4xMjIuMiB2aWEgMTkyLjE2OC4wLjEyMiBkZXYgZXRoMyAKMTcyLjIxLjAuNjAgdmlhIDE3Mi4y
MS4xODAuMSBkZXYgaG9zdDAgcHJvdG8gZGhjcCBzcmMgMTcyLjIxLjE4MC4xMDQgbWV0cmljIDEw
MjQgCjE3Mi4yMS4wLjYxIHZpYSAxNzIuMjEuMTgwLjEgZGV2IGhvc3QwIHByb3RvIGRoY3Agc3Jj
IDE3Mi4yMS4xODAuMTA0IG1ldHJpYyAxMDI0IAoxNzIuMjEuMC4yMDMgdmlhIDE3Mi4yMS4xODAu
MSBkZXYgaG9zdDAgcHJvdG8gZGhjcCBzcmMgMTcyLjIxLjE4MC4xMDQgbWV0cmljIDEwMjQgCjE3
Mi4yMS4wLjIwNCB2aWEgMTcyLjIxLjE4MC4xIGRldiBob3N0MCBwcm90byBkaGNwIHNyYyAxNzIu
MjEuMTgwLjEwNCBtZXRyaWMgMTAyNCAKMTcyLjIxLjE4MC4wLzI0IGRldiBob3N0MCBwcm90byBr
ZXJuZWwgc2NvcGUgbGluayBzcmMgMTcyLjIxLjE4MC4xMDQgbWV0cmljIDEwMjQgCjE3Mi4yMS4x
ODAuMSBkZXYgaG9zdDAgcHJvdG8gZGhjcCBzY29wZSBsaW5rIHNyYyAxNzIuMjEuMTgwLjEwNCBt
ZXRyaWMgMTAyNCAKMTkyLjE2OC4wLjAvMjQgZGV2IGV0aDMgcHJvdG8ga2VybmVsIHNjb3BlIGxp
bmsgc3JjIDE5Mi4xNjguMC4yMiAKCiMgcGluZyAtYyAxIDE5Mi4xNjguMC4yNTQKUElORyAxOTIu
MTY4LjAuMjU0ICgxOTIuMTY4LjAuMjU0KSA1Nig4NCkgYnl0ZXMgb2YgZGF0YS4KNjQgYnl0ZXMg
ZnJvbSAxOTIuMTY4LjAuMjU0OiBpY21wX3NlcT0xIHR0bD02NCB0aW1lPTAuMDI1IG1zCgotLS0g
MTkyLjE2OC4wLjI1NCBwaW5nIHN0YXRpc3RpY3MgLS0tCjEgcGFja2V0cyB0cmFuc21pdHRlZCwg
MSByZWNlaXZlZCwgMCUgcGFja2V0IGxvc3MsIHRpbWUgMG1zCnJ0dCBtaW4vYXZnL21heC9tZGV2
ID0gMC4wMjUvMC4wMjUvMC4wMjUvMC4wMDAgbXMKCiMgL2V0Yy9yZXNvbHYuY29uZgojIFRoaXMg
aXMgL3J1bi9zeXN0ZW1kL3Jlc29sdmUvcmVzb2x2LmNvbmYgbWFuYWdlZCBieSBtYW46c3lzdGVt
ZC1yZXNvbHZlZCg4KS4KIyBEbyBub3QgZWRpdC4KIwojIFRoaXMgZmlsZSBtaWdodCBiZSBzeW1s
aW5rZWQgYXMgL2V0Yy9yZXNvbHYuY29uZi4gSWYgeW91J3JlIGxvb2tpbmcgYXQKIyAvZXRjL3Jl
c29sdi5jb25mIGFuZCBzZWVpbmcgdGhpcyB0ZXh0LCB5b3UgaGF2ZSBmb2xsb3dlZCB0aGUgc3lt
bGluay4KIwojIFRoaXMgaXMgYSBkeW5hbWljIHJlc29sdi5jb25mIGZpbGUgZm9yIGNvbm5lY3Rp
bmcgbG9jYWwgY2xpZW50cyBkaXJlY3RseSB0bwojIGFsbCBrbm93biB1cGxpbmsgRE5TIHNlcnZl
cnMuIFRoaXMgZmlsZSBsaXN0cyBhbGwgY29uZmlndXJlZCBzZWFyY2ggZG9tYWlucy4KIwojIFRo
aXJkIHBhcnR5IHByb2dyYW1zIHNob3VsZCB0eXBpY2FsbHkgbm90IGFjY2VzcyB0aGlzIGZpbGUg
ZGlyZWN0bHksIGJ1dCBvbmx5CiMgdGhyb3VnaCB0aGUgc3ltbGluayBhdCAvZXRjL3Jlc29sdi5j
b25mLiBUbyBtYW5hZ2UgbWFuOnJlc29sdi5jb25mKDUpIGluIGEKIyBkaWZmZXJlbnQgd2F5LCBy
ZXBsYWNlIHRoaXMgc3ltbGluayBieSBhIHN0YXRpYyBmaWxlIG9yIGEgZGlmZmVyZW50IHN5bWxp
bmsuCiMKIyBTZWUgbWFuOnN5c3RlbWQtcmVzb2x2ZWQuc2VydmljZSg4KSBmb3IgZGV0YWlscyBh
Ym91dCB0aGUgc3VwcG9ydGVkIG1vZGVzIG9mCiMgb3BlcmF0aW9uIGZvciAvZXRjL3Jlc29sdi5j
b25mLgoKbmFtZXNlcnZlciAxNzIuMjEuMC4yMDMKbmFtZXNlcnZlciAxNzIuMjEuMC4yMDQKbmFt
ZXNlcnZlciAxNzIuMjEuMC4yMDIKIyBUb28gbWFueSBETlMgc2VydmVycyBjb25maWd1cmVkLCB0
aGUgZm9sbG93aW5nIGVudHJpZXMgbWF5IGJlIGlnbm9yZWQuCm5hbWVzZXJ2ZXIgMTcyLjIxLjAu
NjEKbmFtZXNlcnZlciAxNzIuMjEuMC42MApzZWFyY2ggaXV0LW5hbnRlcy51bml2LW5hbnRlcy5w
cml2ZSBhZC5pdXQtbmFudGVzLnVuaXYtbmFudGVzLnByaXZlCgojIGNhdCAvZXRjL2RlZmF1bHQv
aXNjLWRoY3Atc2VydmVyCgojIGNhdCAvZXRjL2RoY3AvZGhjcGQuY29uZgoKIyBob3N0IHNtdHAy
MTMubWFpbDIxMy5jb20KCg==
