IyBpcCBhCjE6IGxvOiA8TE9PUEJBQ0ssVVAsTE9XRVJfVVA+IG10dSA2NTUzNiBxZGlzYyBub3F1
ZXVlIHN0YXRlIFVOS05PV04gZ3JvdXAgZGVmYXVsdCBxbGVuIDEwMDAKICAgIGxpbmsvbG9vcGJh
Y2sgMDA6MDA6MDA6MDA6MDA6MDAgYnJkIDAwOjAwOjAwOjAwOjAwOjAwCiAgICBpbmV0IDEyNy4w
LjAuMS84IHNjb3BlIGhvc3QgbG8KICAgICAgIHZhbGlkX2xmdCBmb3JldmVyIHByZWZlcnJlZF9s
ZnQgZm9yZXZlcgoyOiBob3N0MEBpZjIwOiA8QlJPQURDQVNULE1VTFRJQ0FTVCxVUCxMT1dFUl9V
UD4gbXR1IDE1MDAgcWRpc2Mgbm9xdWV1ZSBzdGF0ZSBVUCBncm91cCBkZWZhdWx0IHFsZW4gMTAw
MAogICAgbGluay9ldGhlciA1YTowYjphODpiNDpkODo0ZSBicmQgZmY6ZmY6ZmY6ZmY6ZmY6ZmYg
bGluay1uZXRuc2lkIDAKICAgIGluZXQgMTcyLjIxLjE4MC4xMzMvMjQgbWV0cmljIDEwMjQgYnJk
IDE3Mi4yMS4xODAuMjU1IHNjb3BlIGdsb2JhbCBkeW5hbWljIGhvc3QwCiAgICAgICB2YWxpZF9s
ZnQgMzI1NHNlYyBwcmVmZXJyZWRfbGZ0IDMyNTRzZWMKMzogZXRoMEBpZjIxOiA8QlJPQURDQVNU
LE1VTFRJQ0FTVD4gbXR1IDE1MDAgcWRpc2Mgbm9vcCBzdGF0ZSBET1dOIGdyb3VwIGRlZmF1bHQg
cWxlbiAxMDAwCiAgICBsaW5rL2V0aGVyIDllOmVhOjA1OmMyOmZiOjQ3IGJyZCBmZjpmZjpmZjpm
ZjpmZjpmZiBsaW5rLW5ldG5zaWQgMAo0OiBldGgxQGlmMjI6IDxCUk9BRENBU1QsTVVMVElDQVNU
PiBtdHUgMTUwMCBxZGlzYyBub29wIHN0YXRlIERPV04gZ3JvdXAgZGVmYXVsdCBxbGVuIDEwMDAK
ICAgIGxpbmsvZXRoZXIgNDI6MTE6OTY6M2M6OGE6OTggYnJkIGZmOmZmOmZmOmZmOmZmOmZmIGxp
bmstbmV0bnNpZCAwCjU6IGV0aDJAaWYyMzogPEJST0FEQ0FTVCxNVUxUSUNBU1QsVVAsTE9XRVJf
VVA+IG10dSAxNTAwIHFkaXNjIG5vcXVldWUgc3RhdGUgVVAgZ3JvdXAgZGVmYXVsdCBxbGVuIDEw
MDAKICAgIGxpbmsvZXRoZXIgYTY6MmY6YTY6OGE6YTA6NmEgYnJkIGZmOmZmOmZmOmZmOmZmOmZm
IGxpbmstbmV0bnNpZCAwCjY6IGV0aDNAaWYyNDogPEJST0FEQ0FTVCxNVUxUSUNBU1QsVVAsTE9X
RVJfVVA+IG10dSAxNTAwIHFkaXNjIG5vcXVldWUgc3RhdGUgVVAgZ3JvdXAgZGVmYXVsdCBxbGVu
IDEwMDAKICAgIGxpbmsvZXRoZXIgMmE6ZmY6OTM6ZjQ6ODA6NTAgYnJkIGZmOmZmOmZmOmZmOmZm
OmZmIGxpbmstbmV0bnNpZCAwCjc6IFZMQU4xMjJAZXRoMjogPEJST0FEQ0FTVCxNVUxUSUNBU1Qs
VVAsTE9XRVJfVVA+IG10dSAxNTAwIHFkaXNjIG5vcXVldWUgc3RhdGUgVVAgZ3JvdXAgZGVmYXVs
dCBxbGVuIDEwMDAKICAgIGxpbmsvZXRoZXIgYTY6MmY6YTY6OGE6YTA6NmEgYnJkIGZmOmZmOmZm
OmZmOmZmOmZmCiAgICBpbmV0IDE3Mi4yMC4xMjIuMS8yNCBzY29wZSBnbG9iYWwgVkxBTjEyMgog
ICAgICAgdmFsaWRfbGZ0IGZvcmV2ZXIgcHJlZmVycmVkX2xmdCBmb3JldmVyCgojIGlwIHIKZGVm
YXVsdCB2aWEgMTcyLjIxLjE4MC4xIGRldiBob3N0MCBwcm90byBkaGNwIHNyYyAxNzIuMjEuMTgw
LjEzMyBtZXRyaWMgMTAyNCAKMTcyLjIwLjEyMi4wLzI0IGRldiBWTEFOMTIyIHByb3RvIGtlcm5l
bCBzY29wZSBsaW5rIHNyYyAxNzIuMjAuMTIyLjEgCjE3Mi4yMS4wLjYwIHZpYSAxNzIuMjEuMTgw
LjEgZGV2IGhvc3QwIHByb3RvIGRoY3Agc3JjIDE3Mi4yMS4xODAuMTMzIG1ldHJpYyAxMDI0IAox
NzIuMjEuMC42MSB2aWEgMTcyLjIxLjE4MC4xIGRldiBob3N0MCBwcm90byBkaGNwIHNyYyAxNzIu
MjEuMTgwLjEzMyBtZXRyaWMgMTAyNCAKMTcyLjIxLjAuMjAzIHZpYSAxNzIuMjEuMTgwLjEgZGV2
IGhvc3QwIHByb3RvIGRoY3Agc3JjIDE3Mi4yMS4xODAuMTMzIG1ldHJpYyAxMDI0IAoxNzIuMjEu
MC4yMDQgdmlhIDE3Mi4yMS4xODAuMSBkZXYgaG9zdDAgcHJvdG8gZGhjcCBzcmMgMTcyLjIxLjE4
MC4xMzMgbWV0cmljIDEwMjQgCjE3Mi4yMS4xODAuMC8yNCBkZXYgaG9zdDAgcHJvdG8ga2VybmVs
IHNjb3BlIGxpbmsgc3JjIDE3Mi4yMS4xODAuMTMzIG1ldHJpYyAxMDI0IAoxNzIuMjEuMTgwLjEg
ZGV2IGhvc3QwIHByb3RvIGRoY3Agc2NvcGUgbGluayBzcmMgMTcyLjIxLjE4MC4xMzMgbWV0cmlj
IDEwMjQgCjE5Mi4xNjguMC4wLzI0IHZpYSAxNzIuMjAuMTIyLjMgZGV2IFZMQU4xMjIgCjE5Mi4x
NjguMC4yMiB2aWEgMTcyLjIwLjEyMi4zIGRldiBWTEFOMTIyIAoxOTIuMTY4LjAuMjU0IHZpYSAx
NzIuMjAuMTIyLjMgZGV2IFZMQU4xMjIgCgojIHBpbmcgLWMgMSAxOTIuMTY4LjAuMjU0ClBJTkcg
MTkyLjE2OC4wLjI1NCAoMTkyLjE2OC4wLjI1NCkgNTYoODQpIGJ5dGVzIG9mIGRhdGEuCjY0IGJ5
dGVzIGZyb20gMTkyLjE2OC4wLjI1NDogaWNtcF9zZXE9MSB0dGw9NjMgdGltZT0wLjA2MCBtcwoK
LS0tIDE5Mi4xNjguMC4yNTQgcGluZyBzdGF0aXN0aWNzIC0tLQoxIHBhY2tldHMgdHJhbnNtaXR0
ZWQsIDEgcmVjZWl2ZWQsIDAlIHBhY2tldCBsb3NzLCB0aW1lIDBtcwpydHQgbWluL2F2Zy9tYXgv
bWRldiA9IDAuMDYwLzAuMDYwLzAuMDYwLzAuMDAwIG1zCgojIC9ldGMvcmVzb2x2LmNvbmYKIyBU
aGlzIGlzIC9ydW4vc3lzdGVtZC9yZXNvbHZlL3Jlc29sdi5jb25mIG1hbmFnZWQgYnkgbWFuOnN5
c3RlbWQtcmVzb2x2ZWQoOCkuCiMgRG8gbm90IGVkaXQuCiMKIyBUaGlzIGZpbGUgbWlnaHQgYmUg
c3ltbGlua2VkIGFzIC9ldGMvcmVzb2x2LmNvbmYuIElmIHlvdSdyZSBsb29raW5nIGF0CiMgL2V0
Yy9yZXNvbHYuY29uZiBhbmQgc2VlaW5nIHRoaXMgdGV4dCwgeW91IGhhdmUgZm9sbG93ZWQgdGhl
IHN5bWxpbmsuCiMKIyBUaGlzIGlzIGEgZHluYW1pYyByZXNvbHYuY29uZiBmaWxlIGZvciBjb25u
ZWN0aW5nIGxvY2FsIGNsaWVudHMgZGlyZWN0bHkgdG8KIyBhbGwga25vd24gdXBsaW5rIEROUyBz
ZXJ2ZXJzLiBUaGlzIGZpbGUgbGlzdHMgYWxsIGNvbmZpZ3VyZWQgc2VhcmNoIGRvbWFpbnMuCiMK
IyBUaGlyZCBwYXJ0eSBwcm9ncmFtcyBzaG91bGQgdHlwaWNhbGx5IG5vdCBhY2Nlc3MgdGhpcyBm
aWxlIGRpcmVjdGx5LCBidXQgb25seQojIHRocm91Z2ggdGhlIHN5bWxpbmsgYXQgL2V0Yy9yZXNv
bHYuY29uZi4gVG8gbWFuYWdlIG1hbjpyZXNvbHYuY29uZig1KSBpbiBhCiMgZGlmZmVyZW50IHdh
eSwgcmVwbGFjZSB0aGlzIHN5bWxpbmsgYnkgYSBzdGF0aWMgZmlsZSBvciBhIGRpZmZlcmVudCBz
eW1saW5rLgojCiMgU2VlIG1hbjpzeXN0ZW1kLXJlc29sdmVkLnNlcnZpY2UoOCkgZm9yIGRldGFp
bHMgYWJvdXQgdGhlIHN1cHBvcnRlZCBtb2RlcyBvZgojIG9wZXJhdGlvbiBmb3IgL2V0Yy9yZXNv
bHYuY29uZi4KCm5hbWVzZXJ2ZXIgMTcyLjIxLjAuNjEKbmFtZXNlcnZlciAxNzIuMjEuMC42MApu
YW1lc2VydmVyIDE3Mi4yMS4wLjIwMwojIFRvbyBtYW55IEROUyBzZXJ2ZXJzIGNvbmZpZ3VyZWQs
IHRoZSBmb2xsb3dpbmcgZW50cmllcyBtYXkgYmUgaWdub3JlZC4KbmFtZXNlcnZlciAxNzIuMjEu
MC4yMDQKbmFtZXNlcnZlciAxNzIuMjEuMC4yMDIKc2VhcmNoIGFkLml1dC1uYW50ZXMudW5pdi1u
YW50ZXMucHJpdmUgaXV0LW5hbnRlcy51bml2LW5hbnRlcy5wcml2ZQoKIyBjYXQgL2V0Yy9kZWZh
dWx0L2lzYy1kaGNwLXNlcnZlcgoKIyBjYXQgL2V0Yy9kaGNwL2RoY3BkLmNvbmYKCiMgaG9zdCBz
bXRwMjEzLm1haWwyMTMuY29tCkhvc3Qgc210cDIxMy5tYWlsMjEzLmNvbSBub3QgZm91bmQ6IDMo
TlhET01BSU4pCgo=
