IyBpcCBhCjE6IGxvOiA8TE9PUEJBQ0ssVVAsTE9XRVJfVVA+IG10dSA2NTUzNiBxZGlzYyBub3F1
ZXVlIHN0YXRlIFVOS05PV04gZ3JvdXAgZGVmYXVsdCBxbGVuIDEwMDAKICAgIGxpbmsvbG9vcGJh
Y2sgMDA6MDA6MDA6MDA6MDA6MDAgYnJkIDAwOjAwOjAwOjAwOjAwOjAwCiAgICBpbmV0IDEyNy4w
LjAuMS84IHNjb3BlIGhvc3QgbG8KICAgICAgIHZhbGlkX2xmdCBmb3JldmVyIHByZWZlcnJlZF9s
ZnQgZm9yZXZlcgoyOiBob3N0MEBpZjE1OiA8QlJPQURDQVNULE1VTFRJQ0FTVCxVUCxMT1dFUl9V
UD4gbXR1IDE1MDAgcWRpc2Mgbm9xdWV1ZSBzdGF0ZSBVUCBncm91cCBkZWZhdWx0IHFsZW4gMTAw
MAogICAgbGluay9ldGhlciA4ZToxZDo0MDoyMzo1ZjphMSBicmQgZmY6ZmY6ZmY6ZmY6ZmY6ZmYg
bGluay1uZXRuc2lkIDAKICAgIGluZXQgMTcyLjIxLjE4MC4xMjcvMjQgbWV0cmljIDEwMjQgYnJk
IDE3Mi4yMS4xODAuMjU1IHNjb3BlIGdsb2JhbCBkeW5hbWljIGhvc3QwCiAgICAgICB2YWxpZF9s
ZnQgMjc2MHNlYyBwcmVmZXJyZWRfbGZ0IDI3NjBzZWMKMzogZXRoMEBpZjE2OiA8QlJPQURDQVNU
LE1VTFRJQ0FTVD4gbXR1IDE1MDAgcWRpc2Mgbm9vcCBzdGF0ZSBET1dOIGdyb3VwIGRlZmF1bHQg
cWxlbiAxMDAwCiAgICBsaW5rL2V0aGVyIDM2OjYyOjZjOjU1OmVkOjIyIGJyZCBmZjpmZjpmZjpm
ZjpmZjpmZiBsaW5rLW5ldG5zaWQgMAo0OiBldGgxQGlmMTc6IDxCUk9BRENBU1QsTVVMVElDQVNU
PiBtdHUgMTUwMCBxZGlzYyBub29wIHN0YXRlIERPV04gZ3JvdXAgZGVmYXVsdCBxbGVuIDEwMDAK
ICAgIGxpbmsvZXRoZXIgNTY6Yzk6ODQ6ZDM6Yzg6NDIgYnJkIGZmOmZmOmZmOmZmOmZmOmZmIGxp
bmstbmV0bnNpZCAwCjU6IGV0aDJAaWYxODogPEJST0FEQ0FTVCxNVUxUSUNBU1QsVVAsTE9XRVJf
VVA+IG10dSAxNTAwIHFkaXNjIG5vcXVldWUgc3RhdGUgVVAgZ3JvdXAgZGVmYXVsdCBxbGVuIDEw
MDAKICAgIGxpbmsvZXRoZXIgYjI6ODU6M2Y6MTE6MzM6OGUgYnJkIGZmOmZmOmZmOmZmOmZmOmZm
IGxpbmstbmV0bnNpZCAwCjY6IGV0aDNAaWYxOTogPEJST0FEQ0FTVCxNVUxUSUNBU1Q+IG10dSAx
NTAwIHFkaXNjIG5vb3Agc3RhdGUgRE9XTiBncm91cCBkZWZhdWx0IHFsZW4gMTAwMAogICAgbGlu
ay9ldGhlciBlZTpmOTowMDo0MDo5Mzo5OCBicmQgZmY6ZmY6ZmY6ZmY6ZmY6ZmYgbGluay1uZXRu
c2lkIDAKNzogVkxBTjEyMkBldGgyOiA8QlJPQURDQVNULE1VTFRJQ0FTVCxVUCxMT1dFUl9VUD4g
bXR1IDE1MDAgcWRpc2Mgbm9xdWV1ZSBzdGF0ZSBVUCBncm91cCBkZWZhdWx0IHFsZW4gMTAwMAog
ICAgbGluay9ldGhlciBiMjo4NTozZjoxMTozMzo4ZSBicmQgZmY6ZmY6ZmY6ZmY6ZmY6ZmYKICAg
IGluZXQgMTcyLjIwLjEyMi4yLzI0IHNjb3BlIGdsb2JhbCBWTEFOMTIyCiAgICAgICB2YWxpZF9s
ZnQgZm9yZXZlciBwcmVmZXJyZWRfbGZ0IGZvcmV2ZXIKCiMgaXAgcgpkZWZhdWx0IHZpYSAxNzIu
MjEuMTgwLjEgZGV2IGhvc3QwIHByb3RvIGRoY3Agc3JjIDE3Mi4yMS4xODAuMTI3IG1ldHJpYyAx
MDI0IAoxNzIuMjAuMTIyLjAvMjQgZGV2IFZMQU4xMjIgcHJvdG8ga2VybmVsIHNjb3BlIGxpbmsg
c3JjIDE3Mi4yMC4xMjIuMiAKMTcyLjIxLjAuNjAgdmlhIDE3Mi4yMS4xODAuMSBkZXYgaG9zdDAg
cHJvdG8gZGhjcCBzcmMgMTcyLjIxLjE4MC4xMjcgbWV0cmljIDEwMjQgCjE3Mi4yMS4wLjYxIHZp
YSAxNzIuMjEuMTgwLjEgZGV2IGhvc3QwIHByb3RvIGRoY3Agc3JjIDE3Mi4yMS4xODAuMTI3IG1l
dHJpYyAxMDI0IAoxNzIuMjEuMC4yMDMgdmlhIDE3Mi4yMS4xODAuMSBkZXYgaG9zdDAgcHJvdG8g
ZGhjcCBzcmMgMTcyLjIxLjE4MC4xMjcgbWV0cmljIDEwMjQgCjE3Mi4yMS4wLjIwNCB2aWEgMTcy
LjIxLjE4MC4xIGRldiBob3N0MCBwcm90byBkaGNwIHNyYyAxNzIuMjEuMTgwLjEyNyBtZXRyaWMg
MTAyNCAKMTcyLjIxLjE4MC4wLzI0IGRldiBob3N0MCBwcm90byBrZXJuZWwgc2NvcGUgbGluayBz
cmMgMTcyLjIxLjE4MC4xMjcgbWV0cmljIDEwMjQgCjE3Mi4yMS4xODAuMSBkZXYgaG9zdDAgcHJv
dG8gZGhjcCBzY29wZSBsaW5rIHNyYyAxNzIuMjEuMTgwLjEyNyBtZXRyaWMgMTAyNCAKMTkyLjE2
OC4wLjIyIHZpYSAxNzIuMjAuMTIyLjMgZGV2IFZMQU4xMjIgCgojIHBpbmcgLWMgMSAxOTIuMTY4
LjAuMjU0ClBJTkcgMTkyLjE2OC4wLjI1NCAoMTkyLjE2OC4wLjI1NCkgNTYoODQpIGJ5dGVzIG9m
IGRhdGEuCgotLS0gMTkyLjE2OC4wLjI1NCBwaW5nIHN0YXRpc3RpY3MgLS0tCjEgcGFja2V0cyB0
cmFuc21pdHRlZCwgMCByZWNlaXZlZCwgMTAwJSBwYWNrZXQgbG9zcywgdGltZSAwbXMKCgojIC9l
dGMvcmVzb2x2LmNvbmYKIyBUaGlzIGlzIC9ydW4vc3lzdGVtZC9yZXNvbHZlL3Jlc29sdi5jb25m
IG1hbmFnZWQgYnkgbWFuOnN5c3RlbWQtcmVzb2x2ZWQoOCkuCiMgRG8gbm90IGVkaXQuCiMKIyBU
aGlzIGZpbGUgbWlnaHQgYmUgc3ltbGlua2VkIGFzIC9ldGMvcmVzb2x2LmNvbmYuIElmIHlvdSdy
ZSBsb29raW5nIGF0CiMgL2V0Yy9yZXNvbHYuY29uZiBhbmQgc2VlaW5nIHRoaXMgdGV4dCwgeW91
IGhhdmUgZm9sbG93ZWQgdGhlIHN5bWxpbmsuCiMKIyBUaGlzIGlzIGEgZHluYW1pYyByZXNvbHYu
Y29uZiBmaWxlIGZvciBjb25uZWN0aW5nIGxvY2FsIGNsaWVudHMgZGlyZWN0bHkgdG8KIyBhbGwg
a25vd24gdXBsaW5rIEROUyBzZXJ2ZXJzLiBUaGlzIGZpbGUgbGlzdHMgYWxsIGNvbmZpZ3VyZWQg
c2VhcmNoIGRvbWFpbnMuCiMKIyBUaGlyZCBwYXJ0eSBwcm9ncmFtcyBzaG91bGQgdHlwaWNhbGx5
IG5vdCBhY2Nlc3MgdGhpcyBmaWxlIGRpcmVjdGx5LCBidXQgb25seQojIHRocm91Z2ggdGhlIHN5
bWxpbmsgYXQgL2V0Yy9yZXNvbHYuY29uZi4gVG8gbWFuYWdlIG1hbjpyZXNvbHYuY29uZig1KSBp
biBhCiMgZGlmZmVyZW50IHdheSwgcmVwbGFjZSB0aGlzIHN5bWxpbmsgYnkgYSBzdGF0aWMgZmls
ZSBvciBhIGRpZmZlcmVudCBzeW1saW5rLgojCiMgU2VlIG1hbjpzeXN0ZW1kLXJlc29sdmVkLnNl
cnZpY2UoOCkgZm9yIGRldGFpbHMgYWJvdXQgdGhlIHN1cHBvcnRlZCBtb2RlcyBvZgojIG9wZXJh
dGlvbiBmb3IgL2V0Yy9yZXNvbHYuY29uZi4KCm5hbWVzZXJ2ZXIgMTcyLjIxLjAuMjAzCm5hbWVz
ZXJ2ZXIgMTcyLjIxLjAuMjA0Cm5hbWVzZXJ2ZXIgMTcyLjIxLjAuMjAyCiMgVG9vIG1hbnkgRE5T
IHNlcnZlcnMgY29uZmlndXJlZCwgdGhlIGZvbGxvd2luZyBlbnRyaWVzIG1heSBiZSBpZ25vcmVk
LgpuYW1lc2VydmVyIDE3Mi4yMS4wLjYxCm5hbWVzZXJ2ZXIgMTcyLjIxLjAuNjAKc2VhcmNoIGl1
dC1uYW50ZXMudW5pdi1uYW50ZXMucHJpdmUgYWQuaXV0LW5hbnRlcy51bml2LW5hbnRlcy5wcml2
ZQoKIyBjYXQgL2V0Yy9kZWZhdWx0L2lzYy1kaGNwLXNlcnZlcgoKIyBjYXQgL2V0Yy9kaGNwL2Ro
Y3BkLmNvbmYKCiMgaG9zdCBzbXRwMjEzLm1haWwyMTMuY29tCgo=
