IyBpcCBhCjE6IGxvOiA8TE9PUEJBQ0ssVVAsTE9XRVJfVVA+IG10dSA2NTUzNiBxZGlzYyBub3F1
ZXVlIHN0YXRlIFVOS05PV04gZ3JvdXAgZGVmYXVsdCBxbGVuIDEwMDAKICAgIGxpbmsvbG9vcGJh
Y2sgMDA6MDA6MDA6MDA6MDA6MDAgYnJkIDAwOjAwOjAwOjAwOjAwOjAwCiAgICBpbmV0IDEyNy4w
LjAuMS84IHNjb3BlIGhvc3QgbG8KICAgICAgIHZhbGlkX2xmdCBmb3JldmVyIHByZWZlcnJlZF9s
ZnQgZm9yZXZlcgoyOiBob3N0MEBpZjIwOiA8QlJPQURDQVNULE1VTFRJQ0FTVCxVUCxMT1dFUl9V
UD4gbXR1IDE1MDAgcWRpc2Mgbm9xdWV1ZSBzdGF0ZSBVUCBncm91cCBkZWZhdWx0IHFsZW4gMTAw
MAogICAgbGluay9ldGhlciA3NjpiMjo4MTpmNjo0OTpjNCBicmQgZmY6ZmY6ZmY6ZmY6ZmY6ZmYg
bGluay1uZXRuc2lkIDAKICAgIGluZXQgMTcyLjIxLjE4MC4xNDYvMjQgbWV0cmljIDEwMjQgYnJk
IDE3Mi4yMS4xODAuMjU1IHNjb3BlIGdsb2JhbCBkeW5hbWljIGhvc3QwCiAgICAgICB2YWxpZF9s
ZnQgMzAzMHNlYyBwcmVmZXJyZWRfbGZ0IDMwMzBzZWMKMzogZXRoMEBpZjIxOiA8QlJPQURDQVNU
LE1VTFRJQ0FTVD4gbXR1IDE1MDAgcWRpc2Mgbm9vcCBzdGF0ZSBET1dOIGdyb3VwIGRlZmF1bHQg
cWxlbiAxMDAwCiAgICBsaW5rL2V0aGVyIDhlOjBhOmQ4OmZmOjU5OjllIGJyZCBmZjpmZjpmZjpm
ZjpmZjpmZiBsaW5rLW5ldG5zaWQgMAo0OiBldGgxQGlmMjI6IDxCUk9BRENBU1QsTVVMVElDQVNU
PiBtdHUgMTUwMCBxZGlzYyBub29wIHN0YXRlIERPV04gZ3JvdXAgZGVmYXVsdCBxbGVuIDEwMDAK
ICAgIGxpbmsvZXRoZXIgYWU6YmU6Njc6OTk6ZjM6ZjUgYnJkIGZmOmZmOmZmOmZmOmZmOmZmIGxp
bmstbmV0bnNpZCAwCjU6IGV0aDJAaWYyMzogPEJST0FEQ0FTVCxNVUxUSUNBU1QsVVAsTE9XRVJf
VVA+IG10dSAxNTAwIHFkaXNjIG5vcXVldWUgc3RhdGUgVVAgZ3JvdXAgZGVmYXVsdCBxbGVuIDEw
MDAKICAgIGxpbmsvZXRoZXIgYTY6OTE6OGU6MTg6NDM6NjAgYnJkIGZmOmZmOmZmOmZmOmZmOmZm
IGxpbmstbmV0bnNpZCAwCjY6IGV0aDNAaWYyNDogPEJST0FEQ0FTVCxNVUxUSUNBU1QsVVAsTE9X
RVJfVVA+IG10dSAxNTAwIHFkaXNjIG5vcXVldWUgc3RhdGUgVVAgZ3JvdXAgZGVmYXVsdCBxbGVu
IDEwMDAKICAgIGxpbmsvZXRoZXIgNmU6MjI6Y2Y6NWU6M2E6NGUgYnJkIGZmOmZmOmZmOmZmOmZm
OmZmIGxpbmstbmV0bnNpZCAwCiAgICBpbmV0IDE5Mi4xNjguMC4xMjIvMjQgc2NvcGUgZ2xvYmFs
IGV0aDMKICAgICAgIHZhbGlkX2xmdCBmb3JldmVyIHByZWZlcnJlZF9sZnQgZm9yZXZlcgo3OiBW
TEFOMTIyQGV0aDI6IDxCUk9BRENBU1QsTVVMVElDQVNULFVQLExPV0VSX1VQPiBtdHUgMTUwMCBx
ZGlzYyBub3F1ZXVlIHN0YXRlIFVQIGdyb3VwIGRlZmF1bHQgcWxlbiAxMDAwCiAgICBsaW5rL2V0
aGVyIGE2OjkxOjhlOjE4OjQzOjYwIGJyZCBmZjpmZjpmZjpmZjpmZjpmZgogICAgaW5ldCAxNzIu
MjAuMTIyLjMvMjQgc2NvcGUgZ2xvYmFsIFZMQU4xMjIKICAgICAgIHZhbGlkX2xmdCBmb3JldmVy
IHByZWZlcnJlZF9sZnQgZm9yZXZlcgoKIyBpcCByCmRlZmF1bHQgdmlhIDE3Mi4yMS4xODAuMSBk
ZXYgaG9zdDAgcHJvdG8gZGhjcCBzcmMgMTcyLjIxLjE4MC4xNDYgbWV0cmljIDEwMjQgCjE3Mi4y
MC4xMjIuMC8yNCBkZXYgVkxBTjEyMiBwcm90byBrZXJuZWwgc2NvcGUgbGluayBzcmMgMTcyLjIw
LjEyMi4zIAoxNzIuMjEuMC42MCB2aWEgMTcyLjIxLjE4MC4xIGRldiBob3N0MCBwcm90byBkaGNw
IHNyYyAxNzIuMjEuMTgwLjE0NiBtZXRyaWMgMTAyNCAKMTcyLjIxLjAuNjEgdmlhIDE3Mi4yMS4x
ODAuMSBkZXYgaG9zdDAgcHJvdG8gZGhjcCBzcmMgMTcyLjIxLjE4MC4xNDYgbWV0cmljIDEwMjQg
CjE3Mi4yMS4wLjIwMyB2aWEgMTcyLjIxLjE4MC4xIGRldiBob3N0MCBwcm90byBkaGNwIHNyYyAx
NzIuMjEuMTgwLjE0NiBtZXRyaWMgMTAyNCAKMTcyLjIxLjAuMjA0IHZpYSAxNzIuMjEuMTgwLjEg
ZGV2IGhvc3QwIHByb3RvIGRoY3Agc3JjIDE3Mi4yMS4xODAuMTQ2IG1ldHJpYyAxMDI0IAoxNzIu
MjEuMTgwLjAvMjQgZGV2IGhvc3QwIHByb3RvIGtlcm5lbCBzY29wZSBsaW5rIHNyYyAxNzIuMjEu
MTgwLjE0NiBtZXRyaWMgMTAyNCAKMTcyLjIxLjE4MC4xIGRldiBob3N0MCBwcm90byBkaGNwIHNj
b3BlIGxpbmsgc3JjIDE3Mi4yMS4xODAuMTQ2IG1ldHJpYyAxMDI0IAoxOTIuMTY4LjAuMC8yNCBk
ZXYgZXRoMyBwcm90byBrZXJuZWwgc2NvcGUgbGluayBzcmMgMTkyLjE2OC4wLjEyMiAKCiMgcGlu
ZyAtYyAxIDE5Mi4xNjguMC4yNTQKUElORyAxOTIuMTY4LjAuMjU0ICgxOTIuMTY4LjAuMjU0KSA1
Nig4NCkgYnl0ZXMgb2YgZGF0YS4KNjQgYnl0ZXMgZnJvbSAxOTIuMTY4LjAuMjU0OiBpY21wX3Nl
cT0xIHR0bD02NCB0aW1lPTAuMDY5IG1zCgotLS0gMTkyLjE2OC4wLjI1NCBwaW5nIHN0YXRpc3Rp
Y3MgLS0tCjEgcGFja2V0cyB0cmFuc21pdHRlZCwgMSByZWNlaXZlZCwgMCUgcGFja2V0IGxvc3Ms
IHRpbWUgMG1zCnJ0dCBtaW4vYXZnL21heC9tZGV2ID0gMC4wNjkvMC4wNjkvMC4wNjkvMC4wMDAg
bXMKCiMgL2V0Yy9yZXNvbHYuY29uZgojIFRoaXMgaXMgL3J1bi9zeXN0ZW1kL3Jlc29sdmUvcmVz
b2x2LmNvbmYgbWFuYWdlZCBieSBtYW46c3lzdGVtZC1yZXNvbHZlZCg4KS4KIyBEbyBub3QgZWRp
dC4KIwojIFRoaXMgZmlsZSBtaWdodCBiZSBzeW1saW5rZWQgYXMgL2V0Yy9yZXNvbHYuY29uZi4g
SWYgeW91J3JlIGxvb2tpbmcgYXQKIyAvZXRjL3Jlc29sdi5jb25mIGFuZCBzZWVpbmcgdGhpcyB0
ZXh0LCB5b3UgaGF2ZSBmb2xsb3dlZCB0aGUgc3ltbGluay4KIwojIFRoaXMgaXMgYSBkeW5hbWlj
IHJlc29sdi5jb25mIGZpbGUgZm9yIGNvbm5lY3RpbmcgbG9jYWwgY2xpZW50cyBkaXJlY3RseSB0
bwojIGFsbCBrbm93biB1cGxpbmsgRE5TIHNlcnZlcnMuIFRoaXMgZmlsZSBsaXN0cyBhbGwgY29u
ZmlndXJlZCBzZWFyY2ggZG9tYWlucy4KIwojIFRoaXJkIHBhcnR5IHByb2dyYW1zIHNob3VsZCB0
eXBpY2FsbHkgbm90IGFjY2VzcyB0aGlzIGZpbGUgZGlyZWN0bHksIGJ1dCBvbmx5CiMgdGhyb3Vn
aCB0aGUgc3ltbGluayBhdCAvZXRjL3Jlc29sdi5jb25mLiBUbyBtYW5hZ2UgbWFuOnJlc29sdi5j
b25mKDUpIGluIGEKIyBkaWZmZXJlbnQgd2F5LCByZXBsYWNlIHRoaXMgc3ltbGluayBieSBhIHN0
YXRpYyBmaWxlIG9yIGEgZGlmZmVyZW50IHN5bWxpbmsuCiMKIyBTZWUgbWFuOnN5c3RlbWQtcmVz
b2x2ZWQuc2VydmljZSg4KSBmb3IgZGV0YWlscyBhYm91dCB0aGUgc3VwcG9ydGVkIG1vZGVzIG9m
CiMgb3BlcmF0aW9uIGZvciAvZXRjL3Jlc29sdi5jb25mLgoKbmFtZXNlcnZlciAxNzIuMjEuMC4y
MDMKbmFtZXNlcnZlciAxNzIuMjEuMC4yMDQKbmFtZXNlcnZlciAxNzIuMjEuMC4yMDIKIyBUb28g
bWFueSBETlMgc2VydmVycyBjb25maWd1cmVkLCB0aGUgZm9sbG93aW5nIGVudHJpZXMgbWF5IGJl
IGlnbm9yZWQuCm5hbWVzZXJ2ZXIgMTcyLjIxLjAuNjEKbmFtZXNlcnZlciAxNzIuMjEuMC42MApz
ZWFyY2ggaXV0LW5hbnRlcy51bml2LW5hbnRlcy5wcml2ZSBhZC5pdXQtbmFudGVzLnVuaXYtbmFu
dGVzLnByaXZlCgojIGNhdCAvZXRjL2RlZmF1bHQvaXNjLWRoY3Atc2VydmVyCgojIGNhdCAvZXRj
L2RoY3AvZGhjcGQuY29uZgoKIyBob3N0IHNtdHAyMTMubWFpbDIxMy5jb20KCg==
